Collecting flask
  Downloading flask-3.1.3-py3-none-any.whl.metadata (3.2 kB)
Collecting flask-cors
  Downloading flask_cors-6.0.5-py3-none-any.whl.metadata (5.4 kB)
Collecting python-dotenv
  Using cached python_dotenv-1.2.2-py3-none-any.whl.metadata (27 kB)
Collecting blinker>=1.9.0 (from flask)
  Using cached blinker-1.9.0-py3-none-any.whl.metadata (1.6 kB)
Collecting click>=8.1.3 (from flask)
  Using cached click-8.4.2-py3-none-any.whl.metadata (2.6 kB)
Collecting itsdangerous>=2.2.0 (from flask)
  Using cached itsdangerous-2.2.0-py3-none-any.whl.metadata (1.9 kB)
Collecting jinja2>=3.1.2 (from flask)
  Using cached jinja2-3.1.6-py3-none-any.whl.metadata (2.9 kB)
Collecting markupsafe>=2.1.1 (from flask)
  Using cached markupsafe-3.0.3-cp314-cp314-win_amd64.whl.metadata (2.8 kB)
Collecting werkzeug>=3.1.0 (from flask)
  Using cached werkzeug-3.1.8-py3-none-any.whl.metadata (4.0 kB)
Collecting colorama (from click>=8.1.3->flask)
  Using cached colorama-0.4.6-py2.py3-none-any.whl.metadata (17 kB)
Downloading flask-3.1.3-py3-none-any.whl (103 kB)
Downloading flask_cors-6.0.5-py3-none-any.whl (16 kB)
Using cached python_dotenv-1.2.2-py3-none-any.whl (22 kB)
Using cached blinker-1.9.0-py3-none-any.whl (8.5 kB)
Using cached click-8.4.2-py3-none-any.whl (119 kB)
Using cached itsdangerous-2.2.0-py3-none-any.whl (16 kB)
Using cached jinja2-3.1.6-py3-none-any.whl (134 kB)
Using cached markupsafe-3.0.3-cp314-cp314-win_amd64.whl (15 kB)
Using cached werkzeug-3.1.8-py3-none-any.whl (226 kB)
Using cached colorama-0.4.6-py2.py3-none-any.whl (25 kB)
Installing collected packages: python-dotenv, markupsafe, itsdangerous, colorama, blinker, werkzeug, jinja2, click, flask, flask-cors

Successfully installed blinker-1.9.0 click-8.4.2 colorama-0.4.6 flask-3.1.3 flask-cors-6.0.5 itsdangerous-2.2.0 jinja2-3.1.6 markupsafe-3.0.3 python-dotenv-1.2.2 werkzeug-3.1.8
